<div id="test" @wow="" data-foo="bar" :foo="" v-bind:click="method"></div>
