<p>text on its own line <span>now it's a span!</span> ah, more text on its own line...</p>
