<!DOCTYPE html>
<div class="bar" id="test" @wow="" data-foo="bar">
  <p id="foo">hello world!</p>
  <div class="wow">
    <p>more text</p>
  </div><div class="unnest">
  </div><!-- a comment -->
  <li><a href="wow">content</a></li>
  <p>
    text on its own line
    <span>now it's a span!</span>
    ah, more text on its own line...
</p></div>
